// Jest Snapshot v1, https://goo.gl/fbAQLP

exports[`should render NotFoundPage correctly 1`] = `
<div>
  Not Found!
  <p>
    <Link
      replace={false}
      to="/"
    >
      Go Back to Home
    </Link>
  </p>
</div>
`;
